#-----------------------------------------------------------
# Webtalk v2020.1 (64-bit)
# SW Build 2902540 on Wed May 27 19:54:49 MDT 2020
# IP Build 2902112 on Wed May 27 22:43:36 MDT 2020
# Start of session at: Sat Sep 18 08:28:36 2021
# Process ID: 16404
# Current directory: D:/2021WinterMaterial/Architecture/Computer-Architecture-Lab/Exp1/Exp1.sim/sim_1/behav/xsim
# Command line: wbtcv.exe -mode batch -source D:/2021WinterMaterial/Architecture/Computer-Architecture-Lab/Exp1/Exp1.sim/sim_1/behav/xsim/xsim.dir/core_sim_behav/webtalk/xsim_webtalk.tcl -notrace
# Log file: D:/2021WinterMaterial/Architecture/Computer-Architecture-Lab/Exp1/Exp1.sim/sim_1/behav/xsim/webtalk.log
# Journal file: D:/2021WinterMaterial/Architecture/Computer-Architecture-Lab/Exp1/Exp1.sim/sim_1/behav/xsim\webtalk.jou
#-----------------------------------------------------------
source D:/2021WinterMaterial/Architecture/Computer-Architecture-Lab/Exp1/Exp1.sim/sim_1/behav/xsim/xsim.dir/core_sim_behav/webtalk/xsim_webtalk.tcl -notrace
