#-----------------------------------------------------------
# Vivado v2020.1 (64-bit)
# SW Build 2902540 on Wed May 27 19:54:49 MDT 2020
# IP Build 2902112 on Wed May 27 22:43:36 MDT 2020
# Start of session at: Sun Dec 19 11:02:01 2021
# Process ID: 9992
# Current directory: d:/Users/lenovo/Desktop/debugzju/nightmare/architecture/lab/Computer-Architecture-Lab/Exp6
# Command line: vivado.exe -gui_launcher_event rodinguilauncherevent17092 d:\Users\lenovo\Desktop\debugzju\nightmare\architecture\lab\Computer-Architecture-Lab\Exp6\Exp6.xpr
# Log file: d:/Users/lenovo/Desktop/debugzju/nightmare/architecture/lab/Computer-Architecture-Lab/Exp6/vivado.log
# Journal file: d:/Users/lenovo/Desktop/debugzju/nightmare/architecture/lab/Computer-Architecture-Lab/Exp6\vivado.jou
#-----------------------------------------------------------
start_gui
open_project d:/Users/lenovo/Desktop/debugzju/nightmare/architecture/lab/Computer-Architecture-Lab/Exp6/Exp6.xpr
update_compile_order -fileset sources_1
launch_simulation
open_wave_config d:/Users/lenovo/Desktop/debugzju/nightmare/architecture/lab/Computer-Architecture-Lab/Exp6/code/sim/sim_top_behav.wcfg
source sim_top.tcl
run 10 us
run 10 us
run 10 us
run 10 us
close_sim
launch_simulation
open_wave_config d:/Users/lenovo/Desktop/debugzju/nightmare/architecture/lab/Computer-Architecture-Lab/Exp6/code/sim/sim_top_behav.wcfg
source sim_top.tcl
close_sim
launch_simulation
open_wave_config d:/Users/lenovo/Desktop/debugzju/nightmare/architecture/lab/Computer-Architecture-Lab/Exp6/code/sim/sim_top_behav.wcfg
source sim_top.tcl
close_sim
launch_simulation
open_wave_config d:/Users/lenovo/Desktop/debugzju/nightmare/architecture/lab/Computer-Architecture-Lab/Exp6/code/sim/sim_top_behav.wcfg
source sim_top.tcl
close_sim
launch_simulation
open_wave_config d:/Users/lenovo/Desktop/debugzju/nightmare/architecture/lab/Computer-Architecture-Lab/Exp6/code/sim/sim_top_behav.wcfg
source sim_top.tcl
close_sim
launch_simulation
open_wave_config d:/Users/lenovo/Desktop/debugzju/nightmare/architecture/lab/Computer-Architecture-Lab/Exp6/code/sim/sim_top_behav.wcfg
source sim_top.tcl
close_sim
launch_simulation
open_wave_config d:/Users/lenovo/Desktop/debugzju/nightmare/architecture/lab/Computer-Architecture-Lab/Exp6/code/sim/sim_top_behav.wcfg
source sim_top.tcl
close_sim
launch_simulation
open_wave_config d:/Users/lenovo/Desktop/debugzju/nightmare/architecture/lab/Computer-Architecture-Lab/Exp6/code/sim/sim_top_behav.wcfg
source sim_top.tcl
close_sim
launch_simulation
open_wave_config d:/Users/lenovo/Desktop/debugzju/nightmare/architecture/lab/Computer-Architecture-Lab/Exp6/code/sim/sim_top_behav.wcfg
source sim_top.tcl
close_sim
launch_simulation
open_wave_config d:/Users/lenovo/Desktop/debugzju/nightmare/architecture/lab/Computer-Architecture-Lab/Exp6/code/sim/sim_top_behav.wcfg
source sim_top.tcl
close_sim
launch_simulation
open_wave_config d:/Users/lenovo/Desktop/debugzju/nightmare/architecture/lab/Computer-Architecture-Lab/Exp6/code/sim/sim_top_behav.wcfg
source sim_top.tcl
close_sim
launch_simulation
open_wave_config d:/Users/lenovo/Desktop/debugzju/nightmare/architecture/lab/Computer-Architecture-Lab/Exp6/code/sim/sim_top_behav.wcfg
source sim_top.tcl
run 10 us
run 10 us
run 10 us
run 10 us
run 10 us
run 10 us
run 10 us
run 10 us
close_sim
launch_simulation
open_wave_config d:/Users/lenovo/Desktop/debugzju/nightmare/architecture/lab/Computer-Architecture-Lab/Exp6/code/sim/sim_top_behav.wcfg
source sim_top.tcl
run 10 us
run 10 us
run 10 us
run 10 us
run 10 us
run 10 us
run 10 us
run 10 us
run 10 us
run 10 us
close_sim
