#-----------------------------------------------------------
# Vivado v2020.1 (64-bit)
# SW Build 2902540 on Wed May 27 19:54:49 MDT 2020
# IP Build 2902112 on Wed May 27 22:43:36 MDT 2020
# Start of session at: Mon Oct 25 20:22:13 2021
# Process ID: 8264
# Current directory: d:/Users/lenovo/Desktop/code/Computer-Architecture-Lab/Exp2
# Command line: vivado.exe -gui_launcher_event rodinguilauncherevent20296 d:\Users\lenovo\Desktop\code\Computer-Architecture-Lab\Exp2\Exp2.xpr
# Log file: d:/Users/lenovo/Desktop/code/Computer-Architecture-Lab/Exp2/vivado.log
# Journal file: d:/Users/lenovo/Desktop/code/Computer-Architecture-Lab/Exp2\vivado.jou
#-----------------------------------------------------------
start_gui
open_project d:/Users/lenovo/Desktop/code/Computer-Architecture-Lab/Exp2/Exp2.xpr
update_compile_order -fileset sources_1
launch_simulation
open_wave_config d:/Users/lenovo/Desktop/code/Computer-Architecture-Lab/Exp2/code/sim/core_sim_behav.wcfg
source core_sim.tcl
close_sim
reset_run synth_1
launch_runs impl_1 -to_step write_bitstream -jobs 4
wait_on_run impl_1
reset_run impl_1 -prev_step 
launch_simulation
open_wave_config d:/Users/lenovo/Desktop/code/Computer-Architecture-Lab/Exp2/code/sim/core_sim_behav.wcfg
source core_sim.tcl
close_sim
reset_run synth_1
launch_runs impl_1 -to_step write_bitstream -jobs 4
wait_on_run impl_1
reset_run impl_1 -prev_step 
reset_run impl_1
launch_runs impl_1 -jobs 4
wait_on_run impl_1
reset_run impl_1 -prev_step 
