#-----------------------------------------------------------
# Vivado v2020.1 (64-bit)
# SW Build 2902540 on Wed May 27 19:54:49 MDT 2020
# IP Build 2902112 on Wed May 27 22:43:36 MDT 2020
# Start of session at: Sun Oct 17 16:31:57 2021
# Process ID: 920
# Current directory: d:/Users/lenovo/Desktop/debugzju/nightmare/architecture/lab/Computer-Architecture-Lab/Exp2
# Command line: vivado.exe -gui_launcher_event rodinguilauncherevent14492 d:\Users\lenovo\Desktop\debugzju\nightmare\architecture\lab\Computer-Architecture-Lab\Exp2\Exp2.xpr
# Log file: d:/Users/lenovo/Desktop/debugzju/nightmare/architecture/lab/Computer-Architecture-Lab/Exp2/vivado.log
# Journal file: d:/Users/lenovo/Desktop/debugzju/nightmare/architecture/lab/Computer-Architecture-Lab/Exp2\vivado.jou
#-----------------------------------------------------------
start_gui
open_project d:/Users/lenovo/Desktop/debugzju/nightmare/architecture/lab/Computer-Architecture-Lab/Exp2/Exp2.xpr
update_compile_order -fileset sources_1
update_compile_order -fileset sources_1
launch_simulation
open_wave_config d:/Users/lenovo/Desktop/debugzju/nightmare/architecture/lab/Computer-Architecture-Lab/Exp2/code/sim/core_sim_behav.wcfg
source core_sim.tcl
close_sim
launch_simulation
open_wave_config d:/Users/lenovo/Desktop/debugzju/nightmare/architecture/lab/Computer-Architecture-Lab/Exp2/code/sim/core_sim_behav.wcfg
source core_sim.tcl
save_wave_config {d:/Users/lenovo/Desktop/debugzju/nightmare/architecture/lab/Computer-Architecture-Lab/Exp2/code/sim/core_sim_behav.wcfg}
close_sim
launch_simulation
open_wave_config d:/Users/lenovo/Desktop/debugzju/nightmare/architecture/lab/Computer-Architecture-Lab/Exp2/code/sim/core_sim_behav.wcfg
source core_sim.tcl
add_bp {d:/Users/lenovo/Desktop/debugzju/nightmare/architecture/lab/Computer-Architecture-Lab/Exp2/code/core/ExceptionUnit.v} 137
restart
run all
step
step
step
add_bp {d:/Users/lenovo/Desktop/debugzju/nightmare/architecture/lab/Computer-Architecture-Lab/Exp2/code/core/ExceptionUnit.v} 51
step
step
step
remove_bps -file {d:/Users/lenovo/Desktop/debugzju/nightmare/architecture/lab/Computer-Architecture-Lab/Exp2/code/core/ExceptionUnit.v} -line 51
restart
run all
remove_bps -file {d:/Users/lenovo/Desktop/debugzju/nightmare/architecture/lab/Computer-Architecture-Lab/Exp2/code/core/ExceptionUnit.v} -line 137
add_bp {d:/Users/lenovo/Desktop/debugzju/nightmare/architecture/lab/Computer-Architecture-Lab/Exp2/code/core/ExceptionUnit.v} 70
restart
run all
step
restart
run all
close_sim
launch_simulation
open_wave_config d:/Users/lenovo/Desktop/debugzju/nightmare/architecture/lab/Computer-Architecture-Lab/Exp2/code/sim/core_sim_behav.wcfg
source core_sim.tcl
restart
run all
close_sim
launch_simulation
open_wave_config d:/Users/lenovo/Desktop/debugzju/nightmare/architecture/lab/Computer-Architecture-Lab/Exp2/code/sim/core_sim_behav.wcfg
source core_sim.tcl
step
step
step
step
step
step
step
step
step
step
step
step
step
step
step
step
step
run all
restart
run all
add_bp {d:/Users/lenovo/Desktop/debugzju/nightmare/architecture/lab/Computer-Architecture-Lab/Exp2/code/core/ExceptionUnit.v} 51
run all
run all
remove_bps -file {d:/Users/lenovo/Desktop/debugzju/nightmare/architecture/lab/Computer-Architecture-Lab/Exp2/code/core/ExceptionUnit.v} -line 51
add_bp {d:/Users/lenovo/Desktop/debugzju/nightmare/architecture/lab/Computer-Architecture-Lab/Exp2/code/core/ExceptionUnit.v} 137
add_bp {d:/Users/lenovo/Desktop/debugzju/nightmare/architecture/lab/Computer-Architecture-Lab/Exp2/code/core/CSRRegs.v} 32
run all
remove_bps -file {d:/Users/lenovo/Desktop/debugzju/nightmare/architecture/lab/Computer-Architecture-Lab/Exp2/code/core/CSRRegs.v} -line 32
remove_bps -file {d:/Users/lenovo/Desktop/debugzju/nightmare/architecture/lab/Computer-Architecture-Lab/Exp2/code/core/ExceptionUnit.v} -line 137
run all
restart
run all
remove_bps -file {d:/Users/lenovo/Desktop/debugzju/nightmare/architecture/lab/Computer-Architecture-Lab/Exp2/code/core/ExceptionUnit.v} -line 70
run all
close_sim
launch_simulation
open_wave_config d:/Users/lenovo/Desktop/debugzju/nightmare/architecture/lab/Computer-Architecture-Lab/Exp2/code/sim/core_sim_behav.wcfg
source core_sim.tcl
add_bp {d:/Users/lenovo/Desktop/debugzju/nightmare/architecture/lab/Computer-Architecture-Lab/Exp2/code/core/ExceptionUnit.v} 70
restart
run all
run all
remove_bps -file {d:/Users/lenovo/Desktop/debugzju/nightmare/architecture/lab/Computer-Architecture-Lab/Exp2/code/core/ExceptionUnit.v} -line 70
add_bp {d:/Users/lenovo/Desktop/debugzju/nightmare/architecture/lab/Computer-Architecture-Lab/Exp2/code/core/ExceptionUnit.v} 137
restart
run all
close_sim
launch_simulation
open_wave_config d:/Users/lenovo/Desktop/debugzju/nightmare/architecture/lab/Computer-Architecture-Lab/Exp2/code/sim/core_sim_behav.wcfg
source core_sim.tcl
step
step
step
step
step
close_sim
